172.21.198.58 - - [11/Apr/2014:12:14:50] "GET / HTTP/1.1" 200 - "-" "Mozilla/5.0 (X11; Linux i686; rv:28.0) Gecko/20100101 Firefox/28.0"
172.21.198.58 - - [11/Apr/2014:12:14:50] "GET /favicon.ico HTTP/1.1" 200 - "-" "Mozilla/5.0 (X11; Linux i686; rv:28.0) Gecko/20100101 Firefox/28.0"
10.73.191.24 - - [13/Apr/2014:21:38:43] "GET / HTTP/1.0" 200 - "-" "-"
172.21.198.48 - - [15/Apr/2014:11:49:42] "GET / HTTP/1.1" 200 - "-" "Mozilla/5.0 (Windows NT 6.1; WOW64; rv:28.0) Gecko/20100101 Firefox/28.0"
172.21.198.48 - - [15/Apr/2014:11:49:42] "GET /favicon.ico HTTP/1.1" 200 - "-" "Mozilla/5.0 (Windows NT 6.1; WOW64; rv:28.0) Gecko/20100101 Firefox/28.0"
172.21.198.48 - - [15/Apr/2014:11:49:42] "GET /favicon.ico HTTP/1.1" 200 - "-" "Mozilla/5.0 (Windows NT 6.1; WOW64; rv:28.0) Gecko/20100101 Firefox/28.0"
172.21.198.48 - - [15/Apr/2014:11:52:34] "GET /tool/add HTTP/1.1" 200 - "-" "Mozilla/5.0 (Windows NT 6.1; WOW64; rv:28.0) Gecko/20100101 Firefox/28.0"
172.21.198.48 - - [15/Apr/2014:11:52:38] "GET /tool/update HTTP/1.1" 200 - "-" "Mozilla/5.0 (Windows NT 6.1; WOW64; rv:28.0) Gecko/20100101 Firefox/28.0"
172.21.198.48 - - [15/Apr/2014:11:52:46] "GET /tool/modify HTTP/1.1" 200 - "-" "Mozilla/5.0 (Windows NT 6.1; WOW64; rv:28.0) Gecko/20100101 Firefox/28.0"
172.21.198.48 - - [15/Apr/2014:11:52:50] "GET /tool/upgrade HTTP/1.1" 200 - "-" "Mozilla/5.0 (Windows NT 6.1; WOW64; rv:28.0) Gecko/20100101 Firefox/28.0"
172.21.198.48 - - [15/Apr/2014:11:52:57] "GET /tool/delete HTTP/1.1" 200 - "-" "Mozilla/5.0 (Windows NT 6.1; WOW64; rv:28.0) Gecko/20100101 Firefox/28.0"
172.21.198.48 - - [15/Apr/2014:12:40:02] "GET /tool/add HTTP/1.1" 405 - "-" "Mozilla/5.0 (Windows NT 6.1; WOW64; rv:28.0) Gecko/20100101 Firefox/28.0"
172.21.198.48 - - [15/Apr/2014:12:46:52] "GET /tool/add HTTP/1.1" 500 - "-" "Mozilla/5.0 (Windows NT 6.1; WOW64; rv:28.0) Gecko/20100101 Firefox/28.0"
172.21.198.48 - - [15/Apr/2014:12:54:06] "GET /tool/add HTTP/1.1" 200 - "-" "Mozilla/5.0 (Windows NT 6.1; WOW64; rv:28.0) Gecko/20100101 Firefox/28.0"
172.21.198.48 - - [15/Apr/2014:12:54:17] "GET /tool/add?ok=xxxxx HTTP/1.1" 200 - "-" "Mozilla/5.0 (Windows NT 6.1; WOW64; rv:28.0) Gecko/20100101 Firefox/28.0"
172.21.198.48 - - [15/Apr/2014:12:54:20] "GET /tool/add?ok=xxxxx HTTP/1.1" 200 - "-" "Mozilla/5.0 (Windows NT 6.1; WOW64; rv:28.0) Gecko/20100101 Firefox/28.0"
172.21.198.48 - - [15/Apr/2014:12:54:41] "GET /tool/add?ok=xxxxx HTTP/1.1" 200 - "-" "Mozilla/5.0 (Windows NT 6.1; WOW64; rv:28.0) Gecko/20100101 Firefox/28.0"
172.21.198.48 - - [15/Apr/2014:12:59:46] "GET /tool/add?ok=xxxxx HTTP/1.1" 200 - "-" "Mozilla/5.0 (Windows NT 6.1; WOW64; rv:28.0) Gecko/20100101 Firefox/28.0"
172.21.198.48 - - [15/Apr/2014:13:01:28] "GET /tool/add?ok=xxxxx HTTP/1.1" 200 - "-" "Mozilla/5.0 (Windows NT 6.1; WOW64; rv:28.0) Gecko/20100101 Firefox/28.0"
172.21.198.48 - - [15/Apr/2014:13:05:34] "GET /tool/add?ok=xxxxx HTTP/1.1" 500 - "-" "Mozilla/5.0 (Windows NT 6.1; WOW64; rv:28.0) Gecko/20100101 Firefox/28.0"
172.21.198.48 - - [15/Apr/2014:14:53:06] "GET /tool/add?ok=xxxxx HTTP/1.1" 200 - "-" "Mozilla/5.0 (Windows NT 6.1; WOW64; rv:28.0) Gecko/20100101 Firefox/28.0"
10.48.76.63 - - [15/Apr/2014:15:07:36] "POST /tool/add HTTP/1.1" 200 - "-" "-"
10.48.76.63 - - [15/Apr/2014:15:12:09] "POST /tool/add HTTP/1.1" 200 - "-" "-"
10.48.76.63 - - [15/Apr/2014:15:32:24] "POST /tool/add HTTP/1.1" 500 - "-" "-"
10.48.76.63 - - [15/Apr/2014:15:37:29] "POST /tool/add HTTP/1.1" 500 - "-" "-"
10.48.76.63 - - [15/Apr/2014:15:38:48] "POST /tool/add HTTP/1.1" 200 - "-" "-"
10.48.76.63 - - [15/Apr/2014:15:39:31] "POST /tool/add HTTP/1.1" 200 - "-" "-"
10.48.76.63 - - [15/Apr/2014:16:57:03] "POST /tool/modify HTTP/1.1" 200 - "-" "-"
10.48.76.63 - - [15/Apr/2014:16:57:31] "POST /tool/modify HTTP/1.1" 500 - "-" "-"
10.48.76.63 - - [15/Apr/2014:17:09:57] "POST /tool/modify HTTP/1.1" 200 - "-" "-"
10.48.76.63 - - [15/Apr/2014:17:14:10] "POST /tool/modify HTTP/1.1" 200 - "-" "-"
10.48.76.63 - - [15/Apr/2014:17:15:40] "POST /tool/modify HTTP/1.1" 200 - "-" "-"
172.21.198.48 - - [15/Apr/2014:18:05:50] "GET /tool/list HTTP/1.1" 500 - "-" "Mozilla/5.0 (Windows NT 6.1; WOW64; rv:28.0) Gecko/20100101 Firefox/28.0"
172.21.198.48 - - [15/Apr/2014:18:08:30] "GET /tool/list HTTP/1.1" 500 - "-" "Mozilla/5.0 (Windows NT 6.1; WOW64; rv:28.0) Gecko/20100101 Firefox/28.0"
172.21.198.48 - - [15/Apr/2014:18:09:44] "GET /tool/list HTTP/1.1" 200 - "-" "Mozilla/5.0 (Windows NT 6.1; WOW64; rv:28.0) Gecko/20100101 Firefox/28.0"
172.21.198.48 - - [15/Apr/2014:18:42:18] "GET /tool/list HTTP/1.1" 500 - "-" "Mozilla/5.0 (Windows NT 6.1; WOW64; rv:28.0) Gecko/20100101 Firefox/28.0"
172.21.198.48 - - [15/Apr/2014:18:43:49] "GET /tool/list HTTP/1.1" 500 - "-" "Mozilla/5.0 (Windows NT 6.1; WOW64; rv:28.0) Gecko/20100101 Firefox/28.0"
172.21.198.48 - - [15/Apr/2014:18:43:52] "GET /tool/list HTTP/1.1" 500 - "-" "Mozilla/5.0 (Windows NT 6.1; WOW64; rv:28.0) Gecko/20100101 Firefox/28.0"
172.21.198.48 - - [15/Apr/2014:18:44:47] "GET /tool/list HTTP/1.1" 200 - "-" "Mozilla/5.0 (Windows NT 6.1; WOW64; rv:28.0) Gecko/20100101 Firefox/28.0"
172.21.198.48 - - [15/Apr/2014:18:47:28] "GET /tool/list HTTP/1.1" 500 - "-" "Mozilla/5.0 (Windows NT 6.1; WOW64; rv:28.0) Gecko/20100101 Firefox/28.0"
172.21.198.48 - - [15/Apr/2014:19:03:32] "GET /tool/list HTTP/1.1" 200 - "-" "Mozilla/5.0 (Windows NT 6.1; WOW64; rv:28.0) Gecko/20100101 Firefox/28.0"
172.21.198.48 - - [15/Apr/2014:19:04:03] "GET /tool/list HTTP/1.1" 500 - "-" "Mozilla/5.0 (Windows NT 6.1; WOW64; rv:28.0) Gecko/20100101 Firefox/28.0"
172.21.198.48 - - [15/Apr/2014:19:05:48] "GET /tool/list HTTP/1.1" 500 - "-" "Mozilla/5.0 (Windows NT 6.1; WOW64; rv:28.0) Gecko/20100101 Firefox/28.0"
172.21.198.48 - - [15/Apr/2014:19:11:09] "GET /tool/list HTTP/1.1" 500 - "-" "Mozilla/5.0 (Windows NT 6.1; WOW64; rv:28.0) Gecko/20100101 Firefox/28.0"
172.21.198.48 - - [15/Apr/2014:19:11:59] "GET /tool/list HTTP/1.1" 500 - "-" "Mozilla/5.0 (Windows NT 6.1; WOW64; rv:28.0) Gecko/20100101 Firefox/28.0"
172.21.198.48 - - [15/Apr/2014:19:15:41] "GET /tool/list HTTP/1.1" 200 - "-" "Mozilla/5.0 (Windows NT 6.1; WOW64; rv:28.0) Gecko/20100101 Firefox/28.0"
172.21.198.48 - - [15/Apr/2014:19:34:00] "GET /tool/list HTTP/1.1" 500 - "-" "Mozilla/5.0 (Windows NT 6.1; WOW64; rv:28.0) Gecko/20100101 Firefox/28.0"
172.21.198.48 - - [15/Apr/2014:19:34:47] "GET /tool/list HTTP/1.1" 200 - "-" "Mozilla/5.0 (Windows NT 6.1; WOW64; rv:28.0) Gecko/20100101 Firefox/28.0"
172.21.198.48 - - [16/Apr/2014:11:22:43] "GET /tool/detail HTTP/1.1" 200 - "-" "Mozilla/5.0 (Windows NT 6.1; WOW64; rv:28.0) Gecko/20100101 Firefox/28.0"
172.21.198.48 - - [16/Apr/2014:11:22:51] "GET /tool/detail?tool=xx HTTP/1.1" 500 - "-" "Mozilla/5.0 (Windows NT 6.1; WOW64; rv:28.0) Gecko/20100101 Firefox/28.0"
172.21.198.48 - - [16/Apr/2014:11:23:58] "GET /tool/detail?tool=xx HTTP/1.1" 200 - "-" "Mozilla/5.0 (Windows NT 6.1; WOW64; rv:28.0) Gecko/20100101 Firefox/28.0"
172.21.198.48 - - [16/Apr/2014:11:25:20] "GET /tool/detail?tool=xx HTTP/1.1" 200 - "-" "Mozilla/5.0 (Windows NT 6.1; WOW64; rv:28.0) Gecko/20100101 Firefox/28.0"
172.21.198.48 - - [16/Apr/2014:11:29:54] "GET /tool/detail?tool=xx HTTP/1.1" 200 - "-" "Mozilla/5.0 (Windows NT 6.1; WOW64; rv:28.0) Gecko/20100101 Firefox/28.0"
172.21.198.48 - - [16/Apr/2014:11:29:58] "GET /tool/detail?tool=test HTTP/1.1" 200 - "-" "Mozilla/5.0 (Windows NT 6.1; WOW64; rv:28.0) Gecko/20100101 Firefox/28.0"
172.21.198.48 - - [16/Apr/2014:11:30:01] "GET /tool/detail?tool=test1 HTTP/1.1" 200 - "-" "Mozilla/5.0 (Windows NT 6.1; WOW64; rv:28.0) Gecko/20100101 Firefox/28.0"
172.21.198.48 - - [16/Apr/2014:11:48:19] "GET /tool/list HTTP/1.1" 200 - "-" "Mozilla/5.0 (Windows NT 6.1; WOW64; rv:28.0) Gecko/20100101 Firefox/28.0"
172.21.198.48 - - [16/Apr/2014:11:48:38] "GET /tool/detail?tool=test1 HTTP/1.1" 200 - "-" "Mozilla/5.0 (Windows NT 6.1; WOW64; rv:28.0) Gecko/20100101 Firefox/28.0"
172.21.198.48 - - [16/Apr/2014:12:30:20] "GET /tool/list HTTP/1.1" 200 - "-" "Mozilla/5.0 (Windows NT 6.1; WOW64; rv:28.0) Gecko/20100101 Firefox/28.0"
10.48.76.63 - - [16/Apr/2014:12:30:50] "POST /tool/add HTTP/1.1" 200 - "-" "-"
172.21.198.48 - - [16/Apr/2014:12:30:54] "GET /tool/list HTTP/1.1" 200 - "-" "Mozilla/5.0 (Windows NT 6.1; WOW64; rv:28.0) Gecko/20100101 Firefox/28.0"
10.48.76.63 - - [16/Apr/2014:12:31:56] "POST /tool/modify HTTP/1.1" 500 - "-" "-"
172.21.198.48 - - [16/Apr/2014:12:32:01] "GET /tool/list HTTP/1.1" 200 - "-" "Mozilla/5.0 (Windows NT 6.1; WOW64; rv:28.0) Gecko/20100101 Firefox/28.0"
10.48.76.63 - - [16/Apr/2014:12:33:22] "POST /tool/modify HTTP/1.1" 200 - "-" "-"
172.21.198.48 - - [16/Apr/2014:12:33:26] "GET /tool/list HTTP/1.1" 200 - "-" "Mozilla/5.0 (Windows NT 6.1; WOW64; rv:28.0) Gecko/20100101 Firefox/28.0"
10.48.76.63 - - [16/Apr/2014:12:33:39] "POST /tool/modify HTTP/1.1" 200 - "-" "-"
172.21.198.48 - - [16/Apr/2014:12:33:46] "GET /tool/list HTTP/1.1" 200 - "-" "Mozilla/5.0 (Windows NT 6.1; WOW64; rv:28.0) Gecko/20100101 Firefox/28.0"
172.21.198.48 - - [16/Apr/2014:12:34:01] "GET /tool/list HTTP/1.1" 200 - "-" "Mozilla/5.0 (Windows NT 6.1; WOW64; rv:28.0) Gecko/20100101 Firefox/28.0"
10.48.76.63 - - [16/Apr/2014:12:36:25] "POST /tool/upgrade HTTP/1.1" 500 - "-" "-"
10.48.76.63 - - [16/Apr/2014:12:37:38] "POST /tool/upgrade HTTP/1.1" 200 - "-" "-"
10.48.76.63 - - [16/Apr/2014:12:37:53] "POST /tool/upgrade HTTP/1.1" 200 - "-" "-"
172.21.198.48 - - [16/Apr/2014:12:38:02] "GET /tool/list HTTP/1.1" 200 - "-" "Mozilla/5.0 (Windows NT 6.1; WOW64; rv:28.0) Gecko/20100101 Firefox/28.0"
172.21.198.48 - - [16/Apr/2014:12:39:27] "GET /tool/list HTTP/1.1" 200 - "-" "Mozilla/5.0 (Windows NT 6.1; WOW64; rv:28.0) Gecko/20100101 Firefox/28.0"
172.21.198.48 - - [16/Apr/2014:12:39:36] "GET /tool/detail?tool=test1 HTTP/1.1" 200 - "-" "Mozilla/5.0 (Windows NT 6.1; WOW64; rv:28.0) Gecko/20100101 Firefox/28.0"
10.73.191.24 - - [16/Apr/2014:12:41:35] "GET / HTTP/1.0" 200 - "-" "-"
172.21.198.48 - - [16/Apr/2014:12:54:19] "GET /tool/list HTTP/1.1" 200 - "-" "Mozilla/5.0 (Windows NT 6.1; WOW64; rv:28.0) Gecko/20100101 Firefox/28.0"
172.21.198.48 - - [16/Apr/2014:12:54:29] "GET /tool/detail?tool=test1 HTTP/1.1" 200 - "-" "Mozilla/5.0 (Windows NT 6.1; WOW64; rv:28.0) Gecko/20100101 Firefox/28.0"
172.21.198.48 - - [16/Apr/2014:12:54:42] "GET /tool/detail?tool=test2 HTTP/1.1" 200 - "-" "Mozilla/5.0 (Windows NT 6.1; WOW64; rv:28.0) Gecko/20100101 Firefox/28.0"
10.48.76.63 - - [16/Apr/2014:12:56:59] "POST /tool/delete HTTP/1.1" 200 - "-" "-"
10.48.76.63 - - [16/Apr/2014:12:58:38] "POST /tool/delete HTTP/1.1" 200 - "-" "-"
172.21.198.48 - - [16/Apr/2014:12:58:47] "GET /tool/list HTTP/1.1" 200 - "-" "Mozilla/5.0 (Windows NT 6.1; WOW64; rv:28.0) Gecko/20100101 Firefox/28.0"
10.48.76.63 - - [16/Apr/2014:12:59:14] "POST /tool/delete HTTP/1.1" 200 - "-" "-"
10.48.76.63 - - [16/Apr/2014:13:01:51] "POST /tool/upgrade HTTP/1.1" 200 - "-" "-"
172.21.198.48 - - [16/Apr/2014:13:01:56] "GET /tool/list HTTP/1.1" 200 - "-" "Mozilla/5.0 (Windows NT 6.1; WOW64; rv:28.0) Gecko/20100101 Firefox/28.0"
172.21.198.48 - - [16/Apr/2014:13:02:03] "GET /tool/detail?tool=test2 HTTP/1.1" 200 - "-" "Mozilla/5.0 (Windows NT 6.1; WOW64; rv:28.0) Gecko/20100101 Firefox/28.0"
10.48.76.63 - - [16/Apr/2014:13:02:51] "POST /tool/modify HTTP/1.1" 200 - "-" "-"
172.21.198.48 - - [16/Apr/2014:13:02:53] "GET /tool/detail?tool=test2 HTTP/1.1" 200 - "-" "Mozilla/5.0 (Windows NT 6.1; WOW64; rv:28.0) Gecko/20100101 Firefox/28.0"
10.48.76.63 - - [16/Apr/2014:13:03:14] "POST /tool/delete HTTP/1.1" 200 - "-" "-"
172.21.198.48 - - [16/Apr/2014:13:03:16] "GET /tool/detail?tool=test2 HTTP/1.1" 200 - "-" "Mozilla/5.0 (Windows NT 6.1; WOW64; rv:28.0) Gecko/20100101 Firefox/28.0"
10.48.76.63 - - [16/Apr/2014:13:05:46] "POST /tool/upgrade HTTP/1.1" 500 - "-" "-"
10.48.76.63 - - [16/Apr/2014:13:07:26] "POST /tool/upgrade HTTP/1.1" 200 - "-" "-"
10.48.76.63 - - [16/Apr/2014:13:07:38] "POST /tool/upgrade HTTP/1.1" 200 - "-" "-"
10.48.76.63 - - [16/Apr/2014:13:08:06] "POST /tool/modify HTTP/1.1" 200 - "-" "-"
172.21.198.48 - - [16/Apr/2014:13:08:10] "GET /tool/detail?tool=test2 HTTP/1.1" 200 - "-" "Mozilla/5.0 (Windows NT 6.1; WOW64; rv:28.0) Gecko/20100101 Firefox/28.0"
10.48.76.63 - - [16/Apr/2014:13:08:36] "POST /tool/upgrade HTTP/1.1" 200 - "-" "-"
172.21.198.48 - - [16/Apr/2014:13:08:38] "GET /tool/detail?tool=test2 HTTP/1.1" 200 - "-" "Mozilla/5.0 (Windows NT 6.1; WOW64; rv:28.0) Gecko/20100101 Firefox/28.0"
172.21.198.48 - - [16/Apr/2014:13:14:53] "GET /tool/list HTTP/1.1" 200 - "-" "Mozilla/5.0 (Windows NT 6.1; WOW64; rv:28.0) Gecko/20100101 Firefox/28.0"
172.21.198.48 - - [16/Apr/2014:18:02:52] "GET /tool/list HTTP/1.1" 200 - "-" "Mozilla/5.0 (Windows NT 6.1; WOW64; rv:28.0) Gecko/20100101 Firefox/28.0"
172.21.198.48 - - [16/Apr/2014:18:02:58] "GET /tool/detail?tool=test1 HTTP/1.1" 200 - "-" "Mozilla/5.0 (Windows NT 6.1; WOW64; rv:28.0) Gecko/20100101 Firefox/28.0"
172.21.198.48 - - [16/Apr/2014:18:03:02] "GET /tool/detail?tool=test2 HTTP/1.1" 200 - "-" "Mozilla/5.0 (Windows NT 6.1; WOW64; rv:28.0) Gecko/20100101 Firefox/28.0"
10.48.76.63 - - [16/Apr/2014:18:04:15] "POST /tool/add HTTP/1.1" 200 - "-" "-"
172.21.198.48 - - [16/Apr/2014:18:04:21] "GET /tool/list HTTP/1.1" 200 - "-" "Mozilla/5.0 (Windows NT 6.1; WOW64; rv:28.0) Gecko/20100101 Firefox/28.0"
10.48.76.63 - - [16/Apr/2014:18:04:40] "POST /tool/modify HTTP/1.1" 200 - "-" "-"
172.21.198.48 - - [16/Apr/2014:18:04:46] "GET /tool/list HTTP/1.1" 200 - "-" "Mozilla/5.0 (Windows NT 6.1; WOW64; rv:28.0) Gecko/20100101 Firefox/28.0"
172.21.198.48 - - [16/Apr/2014:18:20:46] "GET /tool/list HTTP/1.1" 200 - "-" "Mozilla/5.0 (Windows NT 6.1; WOW64; rv:28.0) Gecko/20100101 Firefox/28.0"
172.21.198.48 - - [16/Apr/2014:18:42:12] "GET /tool/list HTTP/1.1" 200 - "-" "Mozilla/5.0 (Windows NT 6.1; WOW64; rv:28.0) Gecko/20100101 Firefox/28.0"
172.21.198.48 - - [16/Apr/2014:18:42:18] "GET /stream/list HTTP/1.1" 200 - "-" "Mozilla/5.0 (Windows NT 6.1; WOW64; rv:28.0) Gecko/20100101 Firefox/28.0"
10.48.76.63 - - [16/Apr/2014:18:43:58] "POST /stream/add HTTP/1.1" 200 - "-" "-"
10.48.76.63 - - [16/Apr/2014:18:46:28] "POST /stream/add HTTP/1.1" 200 - "-" "-"
172.21.198.48 - - [16/Apr/2014:18:46:54] "GET /stream/list HTTP/1.1" 200 - "-" "Mozilla/5.0 (Windows NT 6.1; WOW64; rv:28.0) Gecko/20100101 Firefox/28.0"
172.21.198.48 - - [16/Apr/2014:19:05:17] "GET /stream/list HTTP/1.1" 200 - "-" "Mozilla/5.0 (Windows NT 6.1; WOW64; rv:28.0) Gecko/20100101 Firefox/28.0"
172.21.198.48 - - [17/Apr/2014:10:13:40] "GET /stream/list HTTP/1.1" 200 - "-" "Mozilla/5.0 (Windows NT 6.1; WOW64; rv:28.0) Gecko/20100101 Firefox/28.0"
172.21.198.48 - - [17/Apr/2014:10:13:40] "GET /favicon.ico HTTP/1.1" 200 - "-" "Mozilla/5.0 (Windows NT 6.1; WOW64; rv:28.0) Gecko/20100101 Firefox/28.0"
172.21.198.48 - - [17/Apr/2014:10:13:40] "GET /favicon.ico HTTP/1.1" 200 - "-" "Mozilla/5.0 (Windows NT 6.1; WOW64; rv:28.0) Gecko/20100101 Firefox/28.0"
172.21.198.48 - - [17/Apr/2014:10:26:39] "GET /stream/list HTTP/1.1" 200 - "-" "Mozilla/5.0 (Windows NT 6.1; WOW64; rv:28.0) Gecko/20100101 Firefox/28.0"
172.21.198.48 - - [17/Apr/2014:10:28:10] "GET /stream/list HTTP/1.1" 500 - "-" "Mozilla/5.0 (Windows NT 6.1; WOW64; rv:28.0) Gecko/20100101 Firefox/28.0"
172.21.198.48 - - [17/Apr/2014:10:29:00] "GET /stream/list HTTP/1.1" 200 - "-" "Mozilla/5.0 (Windows NT 6.1; WOW64; rv:28.0) Gecko/20100101 Firefox/28.0"
172.22.226.221 - - [17/Apr/2014:17:20:14] "GET /stream/list HTTP/1.1" 200 - "-" "Mozilla/5.0 (Windows NT 6.1; WOW64; rv:28.0) Gecko/20100101 Firefox/28.0"
172.22.226.221 - - [17/Apr/2014:17:20:16] "GET /stream/list HTTP/1.1" 200 - "-" "Mozilla/5.0 (Windows NT 6.1; WOW64; rv:28.0) Gecko/20100101 Firefox/28.0"
172.21.198.153 - - [17/Apr/2014:18:38:30] "GET /favicon.ico HTTP/1.1" 200 - "-" "Mozilla/5.0 (Windows NT 6.1; WOW64; rv:28.0) Gecko/20100101 Firefox/28.0"
172.21.198.153 - - [17/Apr/2014:18:38:30] "GET /favicon.ico HTTP/1.1" 200 - "-" "Mozilla/5.0 (Windows NT 6.1; WOW64; rv:28.0) Gecko/20100101 Firefox/28.0"
172.21.198.153 - - [17/Apr/2014:18:42:38] "GET /task/add HTTP/1.1" 200 - "-" "Mozilla/5.0 (Windows NT 6.1; WOW64; rv:28.0) Gecko/20100101 Firefox/28.0"
10.48.76.63 - - [17/Apr/2014:19:57:25] "POST /stream/modify HTTP/1.1" 200 - "-" "-"
10.48.76.63 - - [17/Apr/2014:19:57:44] "POST /stream/modify HTTP/1.1" 200 - "-" "-"
172.21.198.153 - - [17/Apr/2014:20:03:18] "GET /favicon.ico HTTP/1.1" 200 - "-" "Mozilla/5.0 (Windows NT 6.1; WOW64; rv:28.0) Gecko/20100101 Firefox/28.0"
172.21.198.153 - - [17/Apr/2014:20:03:18] "GET /favicon.ico HTTP/1.1" 200 - "-" "Mozilla/5.0 (Windows NT 6.1; WOW64; rv:28.0) Gecko/20100101 Firefox/28.0"
172.21.198.73 - - [18/Apr/2014:09:20:28] "GET /favicon.ico HTTP/1.1" 200 - "-" "Mozilla/5.0 (Windows NT 6.1; WOW64; rv:28.0) Gecko/20100101 Firefox/28.0"
172.21.198.73 - - [18/Apr/2014:09:20:28] "GET /favicon.ico HTTP/1.1" 200 - "-" "Mozilla/5.0 (Windows NT 6.1; WOW64; rv:28.0) Gecko/20100101 Firefox/28.0"
172.21.198.73 - - [18/Apr/2014:09:20:28] "GET /favicon.ico HTTP/1.1" 200 - "-" "Mozilla/5.0 (Windows NT 6.1; WOW64; rv:28.0) Gecko/20100101 Firefox/28.0"
172.21.198.73 - - [18/Apr/2014:09:20:28] "GET /favicon.ico HTTP/1.1" 200 - "-" "Mozilla/5.0 (Windows NT 6.1; WOW64; rv:28.0) Gecko/20100101 Firefox/28.0"
172.21.198.73 - - [18/Apr/2014:11:27:20] "GET /tool/list HTTP/1.1" 200 - "-" "Mozilla/5.0 (Windows NT 6.1; WOW64; rv:28.0) Gecko/20100101 Firefox/28.0"
172.21.198.73 - - [18/Apr/2014:11:27:25] "GET /stream/list HTTP/1.1" 200 - "-" "Mozilla/5.0 (Windows NT 6.1; WOW64; rv:28.0) Gecko/20100101 Firefox/28.0"
172.21.193.123 - - [18/Apr/2014:14:38:23] "GET /tool/list HTTP/1.1" 200 - "-" "Mozilla/5.0 (Windows NT 6.1; WOW64; rv:28.0) Gecko/20100101 Firefox/28.0"
10.48.76.63 - - [18/Apr/2014:14:38:47] "POST /tool/add HTTP/1.1" 200 - "-" "-"
172.21.193.123 - - [18/Apr/2014:14:38:51] "GET /tool/list HTTP/1.1" 200 - "-" "Mozilla/5.0 (Windows NT 6.1; WOW64; rv:28.0) Gecko/20100101 Firefox/28.0"
172.21.193.123 - - [18/Apr/2014:14:40:55] "GET /tool/detail?tool=test2 HTTP/1.1" 200 - "-" "Mozilla/5.0 (Windows NT 6.1; WOW64; rv:28.0) Gecko/20100101 Firefox/28.0"
172.21.35.185 - - [18/Apr/2014:16:16:38] "GET /task/list HTTP/1.1" 200 - "-" "Mozilla/5.0 (Windows NT 6.1; WOW64; rv:28.0) Gecko/20100101 Firefox/28.0"
172.21.35.185 - - [18/Apr/2014:16:25:36] "GET /task/detail HTTP/1.1" 200 - "-" "Mozilla/5.0 (Windows NT 6.1; WOW64; rv:28.0) Gecko/20100101 Firefox/28.0"
172.21.35.185 - - [18/Apr/2014:16:25:43] "GET /task/detail?task=xx HTTP/1.1" 200 - "-" "Mozilla/5.0 (Windows NT 6.1; WOW64; rv:28.0) Gecko/20100101 Firefox/28.0"
10.48.76.63 - - [18/Apr/2014:17:06:24] "POST /tool/add HTTP/1.1" 200 - "-" "-"
172.21.35.185 - - [18/Apr/2014:18:21:52] "GET /tool/list HTTP/1.1" 200 - "-" "Mozilla/5.0 (Windows NT 6.1; WOW64; rv:28.0) Gecko/20100101 Firefox/28.0"
172.21.35.185 - - [18/Apr/2014:18:23:05] "GET /tool/list HTTP/1.1" 200 - "-" "Mozilla/5.0 (Windows NT 6.1; WOW64; rv:28.0) Gecko/20100101 Firefox/28.0"
172.21.35.185 - - [18/Apr/2014:18:23:07] "GET /tool/list HTTP/1.1" 200 - "-" "Mozilla/5.0 (Windows NT 6.1; WOW64; rv:28.0) Gecko/20100101 Firefox/28.0"
172.21.35.185 - - [18/Apr/2014:18:23:21] "GET /tool/list HTTP/1.1" 200 - "-" "Mozilla/5.0 (Windows NT 6.1; WOW64; rv:28.0) Gecko/20100101 Firefox/28.0"
172.21.35.185 - - [18/Apr/2014:18:24:47] "GET /tool/list HTTP/1.1" 200 - "-" "Mozilla/5.0 (Windows NT 6.1; WOW64; rv:28.0) Gecko/20100101 Firefox/28.0"
10.48.76.63 - - [18/Apr/2014:18:36:14] "POST /tool/add HTTP/1.1" 200 - "-" "-"
10.48.76.63 - - [18/Apr/2014:18:46:09] "POST /tool/add HTTP/1.1" 200 - "-" "-"
172.21.35.185 - - [18/Apr/2014:18:46:16] "GET /tool/list HTTP/1.1" 200 - "-" "Mozilla/5.0 (Windows NT 6.1; WOW64; rv:28.0) Gecko/20100101 Firefox/28.0"
10.48.76.63 - - [18/Apr/2014:18:50:31] "POST /tool/modify HTTP/1.1" 200 - "-" "-"
10.48.76.63 - - [18/Apr/2014:18:50:52] "POST /tool/modify HTTP/1.1" 200 - "-" "-"
10.48.76.63 - - [18/Apr/2014:18:51:07] "POST /tool/modify HTTP/1.1" 200 - "-" "-"
172.21.35.185 - - [18/Apr/2014:18:51:12] "GET /tool/list HTTP/1.1" 200 - "-" "Mozilla/5.0 (Windows NT 6.1; WOW64; rv:28.0) Gecko/20100101 Firefox/28.0"
10.48.76.63 - - [18/Apr/2014:18:51:37] "POST /tool/upgrade HTTP/1.1" 200 - "-" "-"
10.48.76.63 - - [18/Apr/2014:18:51:47] "POST /tool/upgrade HTTP/1.1" 200 - "-" "-"
10.48.76.63 - - [18/Apr/2014:18:53:34] "POST /tool/upgrade HTTP/1.1" 200 - "-" "-"
172.21.35.185 - - [18/Apr/2014:18:53:39] "GET /tool/list HTTP/1.1" 200 - "-" "Mozilla/5.0 (Windows NT 6.1; WOW64; rv:28.0) Gecko/20100101 Firefox/28.0"
172.21.35.185 - - [18/Apr/2014:18:57:59] "GET /tool/detail?tool_name=test HTTP/1.1" 500 - "-" "Mozilla/5.0 (Windows NT 6.1; WOW64; rv:28.0) Gecko/20100101 Firefox/28.0"
172.21.35.185 - - [18/Apr/2014:18:59:02] "GET /tool/detail?tool_name=test HTTP/1.1" 200 - "-" "Mozilla/5.0 (Windows NT 6.1; WOW64; rv:28.0) Gecko/20100101 Firefox/28.0"
10.48.76.63 - - [18/Apr/2014:19:02:09] "POST /tool/modify HTTP/1.1" 200 - "-" "-"
172.21.35.185 - - [18/Apr/2014:19:02:12] "GET /tool/detail?tool_name=test HTTP/1.1" 200 - "-" "Mozilla/5.0 (Windows NT 6.1; WOW64; rv:28.0) Gecko/20100101 Firefox/28.0"
10.48.76.63 - - [18/Apr/2014:19:02:35] "POST /tool/delete HTTP/1.1" 200 - "-" "-"
172.21.35.185 - - [18/Apr/2014:19:02:38] "GET /tool/detail?tool_name=test HTTP/1.1" 200 - "-" "Mozilla/5.0 (Windows NT 6.1; WOW64; rv:28.0) Gecko/20100101 Firefox/28.0"
172.21.35.185 - - [18/Apr/2014:19:27:48] "GET /tool/detail?tool_name=test HTTP/1.1" 200 - "-" "Mozilla/5.0 (Windows NT 6.1; WOW64; rv:28.0) Gecko/20100101 Firefox/28.0"
10.73.191.24 - - [20/Apr/2014:04:24:37] "GET / HTTP/1.0" 200 - "-" "-"
172.21.35.185 - - [20/Apr/2014:11:45:23] "GET /favicon.ico HTTP/1.1" 200 - "-" "Mozilla/5.0 (Windows NT 6.1; WOW64; rv:28.0) Gecko/20100101 Firefox/28.0"
172.21.35.185 - - [20/Apr/2014:11:45:23] "GET /favicon.ico HTTP/1.1" 200 - "-" "Mozilla/5.0 (Windows NT 6.1; WOW64; rv:28.0) Gecko/20100101 Firefox/28.0"
172.21.35.185 - - [20/Apr/2014:11:47:24] "GET /tool/list HTTP/1.1" 200 - "-" "Mozilla/5.0 (Windows NT 6.1; WOW64; rv:28.0) Gecko/20100101 Firefox/28.0"
172.21.35.185 - - [20/Apr/2014:11:54:49] "GET /stream/list HTTP/1.1" 200 - "-" "Mozilla/5.0 (Windows NT 6.1; WOW64; rv:28.0) Gecko/20100101 Firefox/28.0"
172.21.35.185 - - [20/Apr/2014:11:55:23] "GET /stream/list HTTP/1.1" 200 - "-" "Mozilla/5.0 (Windows NT 6.1; WOW64; rv:28.0) Gecko/20100101 Firefox/28.0"
172.21.35.185 - - [20/Apr/2014:11:55:57] "GET /stream/list HTTP/1.1" 200 - "-" "Mozilla/5.0 (Windows NT 6.1; WOW64; rv:28.0) Gecko/20100101 Firefox/28.0"
172.21.35.185 - - [20/Apr/2014:11:59:24] "GET /stream/list HTTP/1.1" 404 - "-" "Mozilla/5.0 (Windows NT 6.1; WOW64; rv:28.0) Gecko/20100101 Firefox/28.0"
10.48.76.63 - - [20/Apr/2014:12:07:48] "POST /stream/add HTTP/1.1" 200 - "-" "-"
172.21.35.185 - - [20/Apr/2014:12:07:53] "GET /stream/list HTTP/1.1" 404 - "-" "Mozilla/5.0 (Windows NT 6.1; WOW64; rv:28.0) Gecko/20100101 Firefox/28.0"
172.21.35.185 - - [20/Apr/2014:12:08:04] "GET /stream/list HTTP/1.1" 200 - "-" "Mozilla/5.0 (Windows NT 6.1; WOW64; rv:28.0) Gecko/20100101 Firefox/28.0"
10.48.76.63 - - [20/Apr/2014:12:12:15] "POST /stream/modify HTTP/1.1" 200 - "-" "-"
10.48.76.63 - - [20/Apr/2014:12:12:37] "POST /stream/modify HTTP/1.1" 200 - "-" "-"
172.21.35.185 - - [20/Apr/2014:12:12:41] "GET /stream/list HTTP/1.1" 200 - "-" "Mozilla/5.0 (Windows NT 6.1; WOW64; rv:28.0) Gecko/20100101 Firefox/28.0"
172.21.35.185 - - [20/Apr/2014:12:19:53] "GET /stream/detail HTTP/1.1" 200 - "-" "Mozilla/5.0 (Windows NT 6.1; WOW64; rv:28.0) Gecko/20100101 Firefox/28.0"
172.21.35.185 - - [20/Apr/2014:12:40:43] "GET /stream/detail HTTP/1.1" 200 - "-" "Mozilla/5.0 (Windows NT 6.1; WOW64; rv:28.0) Gecko/20100101 Firefox/28.0"
172.21.35.185 - - [20/Apr/2014:15:44:39] "GET /task/detail HTTP/1.1" 500 - "-" "Mozilla/5.0 (Windows NT 6.1; WOW64; rv:28.0) Gecko/20100101 Firefox/28.0"
172.21.35.185 - - [20/Apr/2014:15:45:42] "GET /task/detail HTTP/1.1" 200 - "-" "Mozilla/5.0 (Windows NT 6.1; WOW64; rv:28.0) Gecko/20100101 Firefox/28.0"
172.21.35.185 - - [20/Apr/2014:15:45:52] "GET /task/detail?task_name=xxx HTTP/1.1" 200 - "-" "Mozilla/5.0 (Windows NT 6.1; WOW64; rv:28.0) Gecko/20100101 Firefox/28.0"
172.21.35.185 - - [20/Apr/2014:15:46:41] "GET /stream/list HTTP/1.1" 200 - "-" "Mozilla/5.0 (Windows NT 6.1; WOW64; rv:28.0) Gecko/20100101 Firefox/28.0"
10.48.76.63 - - [20/Apr/2014:15:59:27] "POST /task/add HTTP/1.1" 200 - "-" "-"
10.48.76.63 - - [20/Apr/2014:16:00:03] "POST /task/add HTTP/1.1" 200 - "-" "-"
10.48.76.63 - - [20/Apr/2014:16:01:17] "POST /task/add HTTP/1.1" 200 - "-" "-"
172.21.35.185 - - [20/Apr/2014:16:01:41] "GET /task/add HTTP/1.1" 404 - "-" "Mozilla/5.0 (Windows NT 6.1; WOW64; rv:28.0) Gecko/20100101 Firefox/28.0"
10.48.76.63 - - [20/Apr/2014:16:03:45] "POST /task/add HTTP/1.1" 200 - "-" "-"
10.48.76.63 - - [20/Apr/2014:16:03:57] "POST /task/add HTTP/1.1" 200 - "-" "-"
172.21.35.185 - - [20/Apr/2014:16:04:09] "GET /tool/list HTTP/1.1" 200 - "-" "Mozilla/5.0 (Windows NT 6.1; WOW64; rv:28.0) Gecko/20100101 Firefox/28.0"
10.48.76.63 - - [20/Apr/2014:16:04:27] "POST /task/add HTTP/1.1" 200 - "-" "-"
10.48.76.63 - - [20/Apr/2014:16:04:52] "POST /task/add HTTP/1.1" 200 - "-" "-"
10.48.76.63 - - [20/Apr/2014:16:07:05] "POST /task/add HTTP/1.1" 500 - "-" "-"
10.48.76.63 - - [20/Apr/2014:16:07:48] "POST /task/add HTTP/1.1" 200 - "-" "-"
10.48.76.63 - - [20/Apr/2014:16:07:58] "POST /tool/modify HTTP/1.1" 200 - "-" "-"
10.48.76.63 - - [20/Apr/2014:16:08:25] "POST /tool/modify HTTP/1.1" 200 - "-" "-"
10.48.76.63 - - [20/Apr/2014:16:08:30] "POST /task/add HTTP/1.1" 200 - "-" "-"
10.48.76.63 - - [20/Apr/2014:16:10:53] "POST /task/add HTTP/1.1" 200 - "-" "-"
10.48.76.63 - - [20/Apr/2014:16:12:03] "POST /task/add HTTP/1.1" 200 - "-" "-"
10.48.76.63 - - [20/Apr/2014:16:14:06] "POST /task/add HTTP/1.1" 200 - "-" "-"
10.48.76.63 - - [20/Apr/2014:16:16:31] "POST /task/add HTTP/1.1" 200 - "-" "-"
10.48.76.63 - - [20/Apr/2014:16:16:39] "POST /tool/add HTTP/1.1" 200 - "-" "-"
10.48.76.63 - - [20/Apr/2014:16:16:58] "POST /task/add HTTP/1.1" 200 - "-" "-"
10.48.76.63 - - [20/Apr/2014:16:17:01] "POST /tool/add HTTP/1.1" 200 - "-" "-"
10.48.76.63 - - [20/Apr/2014:16:17:39] "POST /task/add HTTP/1.1" 200 - "-" "-"
10.48.76.63 - - [20/Apr/2014:16:17:55] "POST /task/add HTTP/1.1" 200 - "-" "-"
10.48.76.63 - - [20/Apr/2014:16:19:10] "POST /task/add HTTP/1.1" 200 - "-" "-"
10.48.76.63 - - [20/Apr/2014:16:20:14] "POST /task/add HTTP/1.1" 200 - "-" "-"
10.48.76.63 - - [20/Apr/2014:16:21:44] "POST /task/add HTTP/1.1" 200 - "-" "-"
10.48.76.63 - - [20/Apr/2014:16:22:04] "POST /task/add HTTP/1.1" 200 - "-" "-"
10.48.76.63 - - [20/Apr/2014:16:23:01] "POST /task/add HTTP/1.1" 200 - "-" "-"
10.48.76.63 - - [20/Apr/2014:16:24:06] "POST /task/add HTTP/1.1" 200 - "-" "-"
10.48.76.63 - - [20/Apr/2014:16:27:54] "POST /task/add HTTP/1.1" 200 - "-" "-"
10.48.76.63 - - [20/Apr/2014:16:28:04] "POST /task/add HTTP/1.1" 200 - "-" "-"
10.48.76.63 - - [20/Apr/2014:16:33:38] "POST /task/add HTTP/1.1" 200 - "-" "-"
172.21.35.185 - - [20/Apr/2014:16:34:07] "GET /tool/list HTTP/1.1" 200 - "-" "Mozilla/5.0 (Windows NT 6.1; WOW64; rv:28.0) Gecko/20100101 Firefox/28.0"
172.21.35.185 - - [20/Apr/2014:16:35:26] "GET /task/list HTTP/1.1" 200 - "-" "Mozilla/5.0 (Windows NT 6.1; WOW64; rv:28.0) Gecko/20100101 Firefox/28.0"
172.21.35.185 - - [20/Apr/2014:17:02:50] "GET /task/list HTTP/1.1" 500 - "-" "Mozilla/5.0 (Windows NT 6.1; WOW64; rv:28.0) Gecko/20100101 Firefox/28.0"
172.21.35.185 - - [20/Apr/2014:17:03:47] "GET /task/list HTTP/1.1" 500 - "-" "Mozilla/5.0 (Windows NT 6.1; WOW64; rv:28.0) Gecko/20100101 Firefox/28.0"
172.21.35.185 - - [20/Apr/2014:17:05:01] "GET /task/list HTTP/1.1" 200 - "-" "Mozilla/5.0 (Windows NT 6.1; WOW64; rv:28.0) Gecko/20100101 Firefox/28.0"
172.21.35.185 - - [20/Apr/2014:17:05:22] "GET /task/list?stream_id=1 HTTP/1.1" 200 - "-" "Mozilla/5.0 (Windows NT 6.1; WOW64; rv:28.0) Gecko/20100101 Firefox/28.0"
10.48.76.63 - - [20/Apr/2014:17:06:41] "POST /task/add HTTP/1.1" 200 - "-" "-"
172.21.35.185 - - [20/Apr/2014:17:06:43] "GET /task/list?stream_id=1 HTTP/1.1" 200 - "-" "Mozilla/5.0 (Windows NT 6.1; WOW64; rv:28.0) Gecko/20100101 Firefox/28.0"
172.21.35.185 - - [20/Apr/2014:17:26:44] "GET /task/detail?tool_name=test HTTP/1.1" 200 - "-" "Mozilla/5.0 (Windows NT 6.1; WOW64; rv:28.0) Gecko/20100101 Firefox/28.0"
172.21.35.185 - - [20/Apr/2014:17:26:50] "GET /task/detail?task_name=test HTTP/1.1" 200 - "-" "Mozilla/5.0 (Windows NT 6.1; WOW64; rv:28.0) Gecko/20100101 Firefox/28.0"
172.21.35.185 - - [20/Apr/2014:17:27:37] "GET /task/detail?task_name=test HTTP/1.1" 200 - "-" "Mozilla/5.0 (Windows NT 6.1; WOW64; rv:28.0) Gecko/20100101 Firefox/28.0"
172.21.35.185 - - [20/Apr/2014:17:28:50] "GET /task/detail?task_name=testData HTTP/1.1" 200 - "-" "Mozilla/5.0 (Windows NT 6.1; WOW64; rv:28.0) Gecko/20100101 Firefox/28.0"
172.21.35.185 - - [20/Apr/2014:17:29:07] "GET /task/detail?task_name=baseData HTTP/1.1" 200 - "-" "Mozilla/5.0 (Windows NT 6.1; WOW64; rv:28.0) Gecko/20100101 Firefox/28.0"
172.21.35.185 - - [20/Apr/2014:17:29:33] "GET /task/detail?task_name=baseData HTTP/1.1" 200 - "-" "Mozilla/5.0 (Windows NT 6.1; WOW64; rv:28.0) Gecko/20100101 Firefox/28.0"
10.48.76.63 - - [20/Apr/2014:17:37:43] "POST /task/modify HTTP/1.1" 500 - "-" "-"
10.48.76.63 - - [20/Apr/2014:17:39:29] "POST /task/modify HTTP/1.1" 200 - "-" "-"
10.48.76.63 - - [20/Apr/2014:17:39:44] "POST /task/modify HTTP/1.1" 200 - "-" "-"
10.48.76.63 - - [20/Apr/2014:17:39:58] "POST /task/modify HTTP/1.1" 200 - "-" "-"
10.48.76.63 - - [20/Apr/2014:17:40:40] "POST /task/modify HTTP/1.1" 200 - "-" "-"
10.48.76.63 - - [20/Apr/2014:17:42:16] "POST /task/modify HTTP/1.1" 200 - "-" "-"
10.48.76.63 - - [20/Apr/2014:17:44:29] "POST /task/modify HTTP/1.1" 200 - "-" "-"
10.48.76.63 - - [20/Apr/2014:17:44:53] "POST /task/modify HTTP/1.1" 200 - "-" "-"
172.21.35.185 - - [20/Apr/2014:17:44:59] "GET /task/detail?task_name=baseData HTTP/1.1" 200 - "-" "Mozilla/5.0 (Windows NT 6.1; WOW64; rv:28.0) Gecko/20100101 Firefox/28.0"
172.21.35.185 - - [20/Apr/2014:18:07:41] "GET /task/detail?task_name=baseData HTTP/1.1" 200 - "-" "Mozilla/5.0 (Windows NT 6.1; WOW64; rv:28.0) Gecko/20100101 Firefox/28.0"
10.48.76.63 - - [20/Apr/2014:18:09:06] "POST /task/modify HTTP/1.1" 200 - "-" "-"
10.48.76.63 - - [20/Apr/2014:18:09:20] "POST /task/modify HTTP/1.1" 200 - "-" "-"
10.48.76.63 - - [20/Apr/2014:18:09:31] "POST /task/modify HTTP/1.1" 200 - "-" "-"
172.21.35.185 - - [20/Apr/2014:18:11:05] "GET /stream/list HTTP/1.1" 200 - "-" "Mozilla/5.0 (Windows NT 6.1; WOW64; rv:28.0) Gecko/20100101 Firefox/28.0"
172.21.35.185 - - [20/Apr/2014:18:12:54] "GET /tool/detail?tool=test2 HTTP/1.1" 200 - "-" "Mozilla/5.0 (Windows NT 6.1; WOW64; rv:28.0) Gecko/20100101 Firefox/28.0"
172.21.35.185 - - [20/Apr/2014:18:13:00] "GET /tool/detail?tool_name=test2 HTTP/1.1" 200 - "-" "Mozilla/5.0 (Windows NT 6.1; WOW64; rv:28.0) Gecko/20100101 Firefox/28.0"
10.48.76.63 - - [20/Apr/2014:18:13:17] "POST /task/add HTTP/1.1" 200 - "-" "-"
10.48.76.63 - - [20/Apr/2014:18:13:50] "POST /tool/modify HTTP/1.1" 200 - "-" "-"
172.21.35.185 - - [20/Apr/2014:18:14:01] "GET /tool/detail?tool_name=test2 HTTP/1.1" 200 - "-" "Mozilla/5.0 (Windows NT 6.1; WOW64; rv:28.0) Gecko/20100101 Firefox/28.0"
10.48.76.63 - - [20/Apr/2014:18:14:34] "POST /task/add HTTP/1.1" 200 - "-" "-"
172.21.35.185 - - [20/Apr/2014:18:14:41] "GET /task/list HTTP/1.1" 200 - "-" "Mozilla/5.0 (Windows NT 6.1; WOW64; rv:28.0) Gecko/20100101 Firefox/28.0"
10.48.76.63 - - [20/Apr/2014:18:16:32] "POST /task/modify HTTP/1.1" 200 - "-" "-"
10.48.76.63 - - [20/Apr/2014:18:17:23] "POST /task/modify HTTP/1.1" 200 - "-" "-"
10.48.76.63 - - [20/Apr/2014:18:17:40] "POST /task/modify HTTP/1.1" 200 - "-" "-"
172.21.35.185 - - [20/Apr/2014:18:17:44] "GET /task/list HTTP/1.1" 200 - "-" "Mozilla/5.0 (Windows NT 6.1; WOW64; rv:28.0) Gecko/20100101 Firefox/28.0"
172.21.35.185 - - [20/Apr/2014:18:32:32] "GET /stream/detail HTTP/1.1" 200 - "-" "Mozilla/5.0 (Windows NT 6.1; WOW64; rv:28.0) Gecko/20100101 Firefox/28.0"
172.21.35.185 - - [20/Apr/2014:18:32:46] "GET /stream/detail HTTP/1.1" 200 - "-" "Mozilla/5.0 (Windows NT 6.1; WOW64; rv:28.0) Gecko/20100101 Firefox/28.0"
172.21.35.185 - - [20/Apr/2014:18:33:00] "GET /stream/detail?stream_name=ps&stream_type=day HTTP/1.1" 500 - "-" "Mozilla/5.0 (Windows NT 6.1; WOW64; rv:28.0) Gecko/20100101 Firefox/28.0"
172.21.35.185 - - [20/Apr/2014:18:34:00] "GET /stream/detail?stream_name=ps&stream_type=day HTTP/1.1" 200 - "-" "Mozilla/5.0 (Windows NT 6.1; WOW64; rv:28.0) Gecko/20100101 Firefox/28.0"
172.21.35.185 - - [20/Apr/2014:18:40:31] "GET /stream/detail?stream_name=ps&stream_type=day HTTP/1.1" 200 - "-" "Mozilla/5.0 (Windows NT 6.1; WOW64; rv:28.0) Gecko/20100101 Firefox/28.0"
172.21.35.185 - - [20/Apr/2014:18:42:54] "GET /stream/detail?stream_name=ps&stream_type=day HTTP/1.1" 200 - "-" "Mozilla/5.0 (Windows NT 6.1; WOW64; rv:28.0) Gecko/20100101 Firefox/28.0"
172.21.35.185 - - [20/Apr/2014:18:42:56] "GET /stream/detail?stream_name=ps&stream_type=day HTTP/1.1" 200 - "-" "Mozilla/5.0 (Windows NT 6.1; WOW64; rv:28.0) Gecko/20100101 Firefox/28.0"
10.48.76.63 - - [20/Apr/2014:18:44:26] "POST /task/modify HTTP/1.1" 200 - "-" "-"
172.21.35.185 - - [20/Apr/2014:18:44:29] "GET /stream/detail?stream_name=ps&stream_type=day HTTP/1.1" 200 - "-" "Mozilla/5.0 (Windows NT 6.1; WOW64; rv:28.0) Gecko/20100101 Firefox/28.0"
172.21.35.185 - - [20/Apr/2014:18:51:37] "GET /stream/detail?stream_name=ps&stream_type=day HTTP/1.1" 200 - "-" "Mozilla/5.0 (Windows NT 6.1; WOW64; rv:28.0) Gecko/20100101 Firefox/28.0"
172.21.35.185 - - [20/Apr/2014:18:51:55] "GET /stream/detail?stream_name=ps&stream_type=day&verbose=release HTTP/1.1" 200 - "-" "Mozilla/5.0 (Windows NT 6.1; WOW64; rv:28.0) Gecko/20100101 Firefox/28.0"
172.21.35.185 - - [21/Apr/2014:09:58:33] "GET /favicon.ico HTTP/1.1" 200 - "-" "Mozilla/5.0 (Windows NT 6.1; WOW64; rv:28.0) Gecko/20100101 Firefox/28.0"
172.21.35.185 - - [21/Apr/2014:09:58:33] "GET /favicon.ico HTTP/1.1" 200 - "-" "Mozilla/5.0 (Windows NT 6.1; WOW64; rv:28.0) Gecko/20100101 Firefox/28.0"
172.21.35.185 - - [21/Apr/2014:10:20:27] "GET /stream/detail?stream_name=ps&stream_type=day&verbose=release HTTP/1.1" 200 - "-" "Mozilla/5.0 (Windows NT 6.1; WOW64; rv:28.0) Gecko/20100101 Firefox/28.0"
172.21.35.185 - - [21/Apr/2014:11:26:30] "GET /stream/detail?stream_name=ps&stream_type=day&verbose=release HTTP/1.1" 200 - "-" "Mozilla/5.0 (Windows NT 6.1; WOW64; rv:28.0) Gecko/20100101 Firefox/28.0"
172.21.35.185 - - [21/Apr/2014:11:37:13] "GET /task/list HTTP/1.1" 200 - "-" "Mozilla/5.0 (Windows NT 6.1; WOW64; rv:28.0) Gecko/20100101 Firefox/28.0"
172.21.35.185 - - [21/Apr/2014:11:56:49] "GET /stream/detail?stream_name=ps&stream_type=day HTTP/1.1" 200 - "-" "Mozilla/5.0 (Windows NT 6.1; WOW64; rv:28.0) Gecko/20100101 Firefox/28.0"
172.21.35.185 - - [21/Apr/2014:12:19:25] "GET /stream/detail?stream_name=ps&stream_type=day HTTP/1.1" 200 - "-" "Mozilla/5.0 (Windows NT 6.1; WOW64; rv:28.0) Gecko/20100101 Firefox/28.0"
172.21.35.185 - - [21/Apr/2014:12:19:35] "GET /stream/detail?stream_name=ps&stream_type=day&verbose=release HTTP/1.1" 500 - "-" "Mozilla/5.0 (Windows NT 6.1; WOW64; rv:28.0) Gecko/20100101 Firefox/28.0"
172.21.35.185 - - [21/Apr/2014:12:20:45] "GET /stream/detail?stream_name=ps&stream_type=day&verbose=release HTTP/1.1" 500 - "-" "Mozilla/5.0 (Windows NT 6.1; WOW64; rv:28.0) Gecko/20100101 Firefox/28.0"
172.21.35.185 - - [21/Apr/2014:12:20:48] "GET /stream/detail?stream_name=ps&stream_type=day&verbose=release HTTP/1.1" 500 - "-" "Mozilla/5.0 (Windows NT 6.1; WOW64; rv:28.0) Gecko/20100101 Firefox/28.0"
172.21.35.185 - - [21/Apr/2014:12:21:21] "GET /stream/detail?stream_name=ps&stream_type=day&verbose=release HTTP/1.1" 200 - "-" "Mozilla/5.0 (Windows NT 6.1; WOW64; rv:28.0) Gecko/20100101 Firefox/28.0"
172.21.35.185 - - [21/Apr/2014:12:31:37] "GET /stream/detail?stream_name=ps&stream_type=day&verbose=release HTTP/1.1" 500 - "-" "Mozilla/5.0 (Windows NT 6.1; WOW64; rv:28.0) Gecko/20100101 Firefox/28.0"
172.21.35.185 - - [21/Apr/2014:12:32:33] "GET /stream/detail?stream_name=ps&stream_type=day&verbose=release HTTP/1.1" 200 - "-" "Mozilla/5.0 (Windows NT 6.1; WOW64; rv:28.0) Gecko/20100101 Firefox/28.0"
172.21.35.185 - - [21/Apr/2014:12:34:51] "GET /stream/detail?stream_name=ps&stream_type=day HTTP/1.1" 200 - "-" "Mozilla/5.0 (Windows NT 6.1; WOW64; rv:28.0) Gecko/20100101 Firefox/28.0"
172.21.35.185 - - [21/Apr/2014:12:35:05] "GET /stream/detail?stream_name=ps&stream_type=day&verbose=release HTTP/1.1" 200 - "-" "Mozilla/5.0 (Windows NT 6.1; WOW64; rv:28.0) Gecko/20100101 Firefox/28.0"
172.21.35.185 - - [21/Apr/2014:12:39:25] "GET /stream/detail?stream_name=ps&stream_type=day&verbose=release HTTP/1.1" 200 - "-" "Mozilla/5.0 (Windows NT 6.1; WOW64; rv:28.0) Gecko/20100101 Firefox/28.0"
172.21.35.185 - - [21/Apr/2014:12:39:54] "GET /stream/detail?stream_name=ps&stream_type=day HTTP/1.1" 200 - "-" "Mozilla/5.0 (Windows NT 6.1; WOW64; rv:28.0) Gecko/20100101 Firefox/28.0"
172.21.35.185 - - [21/Apr/2014:12:43:01] "GET /stream/detail?stream_name=ps&stream_type=day HTTP/1.1" 200 - "-" "Mozilla/5.0 (Windows NT 6.1; WOW64; rv:28.0) Gecko/20100101 Firefox/28.0"
172.21.35.185 - - [21/Apr/2014:12:43:12] "GET /stream/detail?stream_name=ps&stream_type=day&verbose=release HTTP/1.1" 200 - "-" "Mozilla/5.0 (Windows NT 6.1; WOW64; rv:28.0) Gecko/20100101 Firefox/28.0"
172.21.35.185 - - [21/Apr/2014:13:43:09] "GET /stream/detail?stream_name=ps&stream_type=day&verbose=release HTTP/1.1" 200 - "-" "Mozilla/5.0 (Windows NT 6.1; WOW64; rv:28.0) Gecko/20100101 Firefox/28.0"
172.21.35.185 - - [21/Apr/2014:13:43:11] "GET /stream/detail?stream_name=ps&stream_type=day&verbose=release HTTP/1.1" 200 - "-" "Mozilla/5.0 (Windows NT 6.1; WOW64; rv:28.0) Gecko/20100101 Firefox/28.0"
172.21.35.185 - - [21/Apr/2014:13:43:16] "GET /stream/detail?stream_name=ps&stream_type=day HTTP/1.1" 200 - "-" "Mozilla/5.0 (Windows NT 6.1; WOW64; rv:28.0) Gecko/20100101 Firefox/28.0"
10.48.76.63 - - [21/Apr/2014:13:43:59] "POST /task/modify HTTP/1.1" 200 - "-" "-"
172.21.35.185 - - [21/Apr/2014:13:44:01] "GET /stream/detail?stream_name=ps&stream_type=day HTTP/1.1" 200 - "-" "Mozilla/5.0 (Windows NT 6.1; WOW64; rv:28.0) Gecko/20100101 Firefox/28.0"
172.21.35.185 - - [21/Apr/2014:13:44:10] "GET /stream/detail?stream_name=ps&stream_type=day&verbose=release HTTP/1.1" 200 - "-" "Mozilla/5.0 (Windows NT 6.1; WOW64; rv:28.0) Gecko/20100101 Firefox/28.0"
172.21.35.185 - - [21/Apr/2014:13:44:13] "GET /stream/detail?stream_name=ps&stream_type=day&verbose=release HTTP/1.1" 200 - "-" "Mozilla/5.0 (Windows NT 6.1; WOW64; rv:28.0) Gecko/20100101 Firefox/28.0"
10.48.76.63 - - [21/Apr/2014:13:45:02] "POST /task/modify HTTP/1.1" 200 - "-" "-"
10.48.76.63 - - [21/Apr/2014:13:45:48] "POST /task/modify HTTP/1.1" 200 - "-" "-"
172.21.35.185 - - [21/Apr/2014:13:45:49] "GET /stream/detail?stream_name=ps&stream_type=day&verbose=release HTTP/1.1" 200 - "-" "Mozilla/5.0 (Windows NT 6.1; WOW64; rv:28.0) Gecko/20100101 Firefox/28.0"
10.48.76.63 - - [21/Apr/2014:15:09:57] "POST /task/upgrade HTTP/1.1" 405 - "-" "-"
10.48.76.63 - - [21/Apr/2014:15:10:13] "POST /task/upgrade HTTP/1.1" 200 - "-" "-"
10.48.76.63 - - [21/Apr/2014:15:10:40] "POST /task/upgradexxx HTTP/1.1" 405 - "-" "-"
172.21.35.185 - - [21/Apr/2014:15:10:58] "GET /stream/xxxxxx HTTP/1.1" 200 - "-" "Mozilla/5.0 (Windows NT 6.1; WOW64; rv:28.0) Gecko/20100101 Firefox/28.0"
172.21.35.185 - - [21/Apr/2014:15:11:19] "GET /task/upgradexxx HTTP/1.1" 200 - "-" "Mozilla/5.0 (Windows NT 6.1; WOW64; rv:28.0) Gecko/20100101 Firefox/28.0"
10.48.76.63 - - [21/Apr/2014:15:11:37] "POST /task/upgrade HTTP/1.1" 200 - "-" "-"
10.48.76.63 - - [21/Apr/2014:15:18:32] "POST /task/upgrade HTTP/1.1" 500 - "-" "-"
10.48.76.63 - - [21/Apr/2014:15:19:10] "POST /task/upgrade HTTP/1.1" 200 - "-" "-"
10.48.76.63 - - [21/Apr/2014:15:19:24] "POST /task/upgrade HTTP/1.1" 200 - "-" "-"
10.48.76.63 - - [21/Apr/2014:15:19:36] "POST /task/upgrade HTTP/1.1" 200 - "-" "-"
10.48.76.63 - - [21/Apr/2014:16:57:31] "POST /task/upgrade HTTP/1.1" 500 - "-" "-"
172.21.198.46 - - [21/Apr/2014:16:58:32] "GET /task/upgradexxx HTTP/1.1" 200 - "-" "Mozilla/5.0 (Windows NT 6.1; WOW64; rv:28.0) Gecko/20100101 Firefox/28.0"
10.48.76.63 - - [21/Apr/2014:16:58:39] "POST /task/upgrade HTTP/1.1" 200 - "-" "-"
172.21.198.46 - - [21/Apr/2014:17:06:41] "GET /stream/detail?stream_name=ps&stream_type=day HTTP/1.1" 200 - "-" "Mozilla/5.0 (Windows NT 6.1; WOW64; rv:28.0) Gecko/20100101 Firefox/28.0"
172.21.198.46 - - [21/Apr/2014:17:09:57] "GET /stream/detail?stream_name=ps&stream_type=day&verbose=release HTTP/1.1" 200 - "-" "Mozilla/5.0 (Windows NT 6.1; WOW64; rv:28.0) Gecko/20100101 Firefox/28.0"
10.48.76.63 - - [21/Apr/2014:17:28:08] "POST /task/upgrade HTTP/1.1" 200 - "-" "-"
10.48.76.63 - - [21/Apr/2014:17:30:31] "POST /task/upgrade HTTP/1.1" 200 - "-" "-"
10.48.76.63 - - [21/Apr/2014:17:32:51] "POST /task/upgrade HTTP/1.1" 200 - "-" "-"
10.48.76.63 - - [21/Apr/2014:17:38:26] "POST /task/upgrade HTTP/1.1" 200 - "-" "-"
10.48.76.63 - - [21/Apr/2014:17:47:45] "POST /task/upgrade HTTP/1.1" 200 - "-" "-"
172.21.198.46 - - [21/Apr/2014:17:48:43] "GET /task/detail?task_name=baseData HTTP/1.1" 200 - "-" "Mozilla/5.0 (Windows NT 6.1; WOW64; rv:28.0) Gecko/20100101 Firefox/28.0"
10.48.76.63 - - [21/Apr/2014:17:48:48] "POST /task/upgrade HTTP/1.1" 500 - "-" "-"
172.21.198.46 - - [21/Apr/2014:17:48:52] "GET /task/detail?task_name=baseData HTTP/1.1" 200 - "-" "Mozilla/5.0 (Windows NT 6.1; WOW64; rv:28.0) Gecko/20100101 Firefox/28.0"
10.48.76.63 - - [21/Apr/2014:17:50:46] "POST /task/upgrade HTTP/1.1" 200 - "-" "-"
172.21.198.46 - - [21/Apr/2014:17:55:39] "GET /task/detail?task_name=baseData HTTP/1.1" 200 - "-" "Mozilla/5.0 (Windows NT 6.1; WOW64; rv:28.0) Gecko/20100101 Firefox/28.0"
172.21.198.105 - - [22/Apr/2014:17:27:00] "GET /stream/detail?stream_name=ps&stream_type=day&verbose=release HTTP/1.1" 200 - "-" "Mozilla/5.0 (Windows NT 6.1; WOW64; rv:28.0) Gecko/20100101 Firefox/28.0"
172.21.198.105 - - [22/Apr/2014:17:27:00] "GET /favicon.ico HTTP/1.1" 200 - "-" "Mozilla/5.0 (Windows NT 6.1; WOW64; rv:28.0) Gecko/20100101 Firefox/28.0"
172.21.198.105 - - [22/Apr/2014:17:27:00] "GET /favicon.ico HTTP/1.1" 200 - "-" "Mozilla/5.0 (Windows NT 6.1; WOW64; rv:28.0) Gecko/20100101 Firefox/28.0"
172.21.198.105 - - [22/Apr/2014:17:27:04] "GET /stream/detail?stream_name=ps&stream_type=day HTTP/1.1" 200 - "-" "Mozilla/5.0 (Windows NT 6.1; WOW64; rv:28.0) Gecko/20100101 Firefox/28.0"
172.21.198.118 - - [24/Apr/2014:17:07:09] "GET /stream/list HTTP/1.1" 200 - "-" "Mozilla/5.0 (Windows NT 6.1; WOW64; rv:28.0) Gecko/20100101 Firefox/28.0"
172.21.198.118 - - [24/Apr/2014:17:07:09] "GET /favicon.ico HTTP/1.1" 200 - "-" "Mozilla/5.0 (Windows NT 6.1; WOW64; rv:28.0) Gecko/20100101 Firefox/28.0"
172.21.198.118 - - [24/Apr/2014:17:07:09] "GET /favicon.ico HTTP/1.1" 200 - "-" "Mozilla/5.0 (Windows NT 6.1; WOW64; rv:28.0) Gecko/20100101 Firefox/28.0"
172.21.198.118 - - [24/Apr/2014:17:07:18] "GET /stream/instance/list HTTP/1.1" 200 - "-" "Mozilla/5.0 (Windows NT 6.1; WOW64; rv:28.0) Gecko/20100101 Firefox/28.0"
172.21.198.118 - - [24/Apr/2014:17:07:25] "GET /stream/instance/list?stream_id=1 HTTP/1.1" 500 - "-" "Mozilla/5.0 (Windows NT 6.1; WOW64; rv:28.0) Gecko/20100101 Firefox/28.0"
172.21.198.118 - - [24/Apr/2014:17:08:29] "GET /stream/instance/list?stream_id=1 HTTP/1.1" 200 - "-" "Mozilla/5.0 (Windows NT 6.1; WOW64; rv:28.0) Gecko/20100101 Firefox/28.0"
172.21.198.118 - - [25/Apr/2014:10:33:14] "GET /favicon.ico HTTP/1.1" 200 - "-" "Mozilla/5.0 (Windows NT 6.1; WOW64; rv:28.0) Gecko/20100101 Firefox/28.0"
172.21.198.118 - - [25/Apr/2014:10:33:14] "GET /favicon.ico HTTP/1.1" 200 - "-" "Mozilla/5.0 (Windows NT 6.1; WOW64; rv:28.0) Gecko/20100101 Firefox/28.0"
172.21.198.118 - - [25/Apr/2014:11:23:43] "GET /favicon.ico HTTP/1.1" 200 - "-" "Mozilla/5.0 (Windows NT 6.1; WOW64; rv:28.0) Gecko/20100101 Firefox/28.0"
172.21.198.118 - - [25/Apr/2014:11:23:43] "GET /favicon.ico HTTP/1.1" 200 - "-" "Mozilla/5.0 (Windows NT 6.1; WOW64; rv:28.0) Gecko/20100101 Firefox/28.0"
172.21.198.118 - - [25/Apr/2014:13:53:40] "GET /favicon.ico HTTP/1.1" 200 - "-" "Mozilla/5.0 (Windows NT 6.1; WOW64; rv:28.0) Gecko/20100101 Firefox/28.0"
172.21.198.118 - - [25/Apr/2014:13:53:40] "GET /favicon.ico HTTP/1.1" 200 - "-" "Mozilla/5.0 (Windows NT 6.1; WOW64; rv:28.0) Gecko/20100101 Firefox/28.0"
172.21.198.118 - - [25/Apr/2014:15:36:14] "GET /stream/instance/list?stream_id=1 HTTP/1.1" 200 - "-" "Mozilla/5.0 (Windows NT 6.1; WOW64; rv:28.0) Gecko/20100101 Firefox/28.0"
10.73.191.24 - - [27/Apr/2014:02:34:06] "GET / HTTP/1.0" 200 - "-" "-"
10.73.191.24 - - [04/May/2014:01:11:08] "GET / HTTP/1.0" 200 - "-" "-"
10.73.191.24 - - [11/May/2014:00:36:49] "GET / HTTP/1.0" 200 - "-" "-"
172.21.218.74 - - [14/May/2014:15:41:30] "GET / HTTP/1.1" 200 - "-" "Mozilla/5.0 (Windows NT 6.1; WOW64) AppleWebKit/537.36 (KHTML, like Gecko) Chrome/34.0.1847.116 Safari/537.36"
172.21.218.74 - - [14/May/2014:15:41:30] "GET /favicon.ico HTTP/1.1" 200 - "-" "Mozilla/5.0 (Windows NT 6.1; WOW64) AppleWebKit/537.36 (KHTML, like Gecko) Chrome/34.0.1847.116 Safari/537.36"
172.21.199.87 - - [18/May/2014:13:00:58] "GET / HTTP/1.1" 200 - "-" "Mozilla/5.0 (Windows NT 6.1; WOW64; rv:29.0) Gecko/20100101 Firefox/29.0"
172.21.199.87 - - [18/May/2014:13:00:59] "GET /favicon.ico HTTP/1.1" 200 - "-" "Mozilla/5.0 (Windows NT 6.1; WOW64; rv:29.0) Gecko/20100101 Firefox/29.0"
172.21.199.87 - - [18/May/2014:13:00:59] "GET /favicon.ico HTTP/1.1" 200 - "-" "Mozilla/5.0 (Windows NT 6.1; WOW64; rv:29.0) Gecko/20100101 Firefox/29.0"
172.21.199.87 - - [18/May/2014:13:01:07] "GET /tool/list HTTP/1.1" 200 - "-" "Mozilla/5.0 (Windows NT 6.1; WOW64; rv:29.0) Gecko/20100101 Firefox/29.0"
